---
source: tests/requests/contents.rs
expression: "(update_content_request.status_code(), update_content_request.text())"
---
(
    200,
    "{\"exists\":false,\"url\":\"https://exmple111.com\"}",
)
